ðŸŽ‰  Successfully created project sandbox

  To get started:

	cd blog_nuxt
	yarn dev

  To build & start for production:

	cd blog_nuxt
	yarn build
	yarn generate --> build dist folder
	yarn start


# sandbox

## Build Setup

```bash
# install dependencies
$ yarn install

# serve with hot reload at localhost:3000
$ yarn dev

# build for production and launch server
$ yarn build
$ yarn start

# generate static project
$ yarn generate
```

For detailed explanation on how things work, check out [Nuxt.js docs](https://nuxtjs.org).


==== debugging push and deploy errors
git branch --set-upstream-to=origin/main main
git pull origin main --allow-unrelated-histories
git submodule status
git ls-files --stage | grep 160000 <-- removes the submodule 'sandbox' folder
